2026-06-05T00:32:02.295-03:00  INFO 7832 --- [server] [main] c.example.iot.server.ServerApplication   : Starting ServerApplication using Java 17.0.11 with PID 7832 (C:\Users\eduma\OneDrive\Área de Trabalho\TCC Especialização\Projeto\server\target\classes started by eduma in C:\Users\eduma\OneDrive\Área de Trabalho\TCC Especialização\Projeto\server)
2026-06-05T00:32:02.310-03:00  INFO 7832 --- [server] [main] c.example.iot.server.ServerApplication   : No active profile set, falling back to 1 default profile: "default"
2026-06-05T00:32:03.386-03:00  INFO 7832 --- [server] [main] o.s.boot.tomcat.TomcatWebServer          : Tomcat initialized with port 8080 (http)
2026-06-05T00:32:03.399-03:00  INFO 7832 --- [server] [main] o.apache.catalina.core.StandardService   : Starting service [Tomcat]
2026-06-05T00:32:03.400-03:00  INFO 7832 --- [server] [main] o.apache.catalina.core.StandardEngine    : Starting Servlet engine: [Apache Tomcat/11.0.20]
2026-06-05T00:32:03.461-03:00  INFO 7832 --- [server] [main] b.w.c.s.WebApplicationContextInitializer : Root WebApplicationContext: initialization completed in 1069 ms
2026-06-05T00:32:04.030-03:00  INFO 7832 --- [server] [main] o.s.boot.tomcat.TomcatWebServer          : Tomcat started on port 8080 (http) with context path '/'
2026-06-05T00:32:04.038-03:00  INFO 7832 --- [server] [main] c.example.iot.server.ServerApplication   : Started ServerApplication in 2.378 seconds (process running for 2.803)
2026-06-05T00:32:13.901-03:00  INFO 7832 --- [server] [http-nio-8080-exec-1] o.a.c.c.C.[Tomcat].[localhost].[/]       : Initializing Spring DispatcherServlet 'dispatcherServlet'
2026-06-05T00:32:13.902-03:00  INFO 7832 --- [server] [http-nio-8080-exec-1] o.s.web.servlet.DispatcherServlet        : Initializing Servlet 'dispatcherServlet'
2026-06-05T00:32:13.903-03:00  INFO 7832 --- [server] [http-nio-8080-exec-1] o.s.web.servlet.DispatcherServlet        : Completed initialization in 1 ms
2026-06-05T00:32:14.166-03:00  INFO 7832 --- [server] [http-nio-8080-exec-2] c.example.iot.server.ServerController    : Dados recebidos: {"patientId": "pat916", "doctorId": "doc804", "pulse": 76, "dateOfBirth": "1959-11-22"}
2026-06-05T00:36:00.991-03:00  INFO 29820 --- [server] [main] c.example.iot.server.ServerApplication   : Starting ServerApplication using Java 17.0.11 with PID 29820 (C:\Users\eduma\OneDrive\Área de Trabalho\TCC Especialização\Projeto\server\target\classes started by eduma in C:\Users\eduma\OneDrive\Área de Trabalho\TCC Especialização\Projeto\server)
2026-06-05T00:36:00.998-03:00  INFO 29820 --- [server] [main] c.example.iot.server.ServerApplication   : No active profile set, falling back to 1 default profile: "default"
2026-06-05T00:36:02.077-03:00  INFO 29820 --- [server] [main] o.s.boot.tomcat.TomcatWebServer          : Tomcat initialized with port 8080 (http)
2026-06-05T00:36:02.094-03:00  INFO 29820 --- [server] [main] o.apache.catalina.core.StandardService   : Starting service [Tomcat]
2026-06-05T00:36:02.095-03:00  INFO 29820 --- [server] [main] o.apache.catalina.core.StandardEngine    : Starting Servlet engine: [Apache Tomcat/11.0.20]
2026-06-05T00:36:02.148-03:00  INFO 29820 --- [server] [main] b.w.c.s.WebApplicationContextInitializer : Root WebApplicationContext: initialization completed in 1069 ms
2026-06-05T00:36:02.753-03:00  INFO 29820 --- [server] [main] o.s.boot.tomcat.TomcatWebServer          : Tomcat started on port 8080 (http) with context path '/'
2026-06-05T00:36:02.764-03:00  INFO 29820 --- [server] [main] c.example.iot.server.ServerApplication   : Started ServerApplication in 2.302 seconds (process running for 2.822)
2026-06-05T00:36:09.372-03:00  INFO 29820 --- [server] [http-nio-8080-exec-1] o.a.c.c.C.[Tomcat].[localhost].[/]       : Initializing Spring DispatcherServlet 'dispatcherServlet'
2026-06-05T00:36:09.372-03:00  INFO 29820 --- [server] [http-nio-8080-exec-1] o.s.web.servlet.DispatcherServlet        : Initializing Servlet 'dispatcherServlet'
2026-06-05T00:36:09.374-03:00  INFO 29820 --- [server] [http-nio-8080-exec-1] o.s.web.servlet.DispatcherServlet        : Completed initialization in 1 ms
2026-06-05T00:36:09.596-03:00  INFO 29820 --- [server] [http-nio-8080-exec-5] c.example.iot.server.ServerController    : Dados recebidos: {"patientId": "pat730", "doctorId": "doc486", "pulse": 96, "dateOfBirth": "1934-02-23"}
2026-06-05T00:37:02.983-03:00  INFO 24484 --- [server] [main] c.example.iot.server.ServerApplication   : Starting ServerApplication using Java 17.0.11 with PID 24484 (C:\Users\eduma\OneDrive\Área de Trabalho\TCC Especialização\Projeto\server\target\classes started by eduma in C:\Users\eduma\OneDrive\Área de Trabalho\TCC Especialização\Projeto\server)
2026-06-05T00:37:02.989-03:00  INFO 24484 --- [server] [main] c.example.iot.server.ServerApplication   : No active profile set, falling back to 1 default profile: "default"
2026-06-05T00:37:04.083-03:00  INFO 24484 --- [server] [main] o.s.boot.tomcat.TomcatWebServer          : Tomcat initialized with port 8080 (http)
2026-06-05T00:37:04.095-03:00  INFO 24484 --- [server] [main] o.apache.catalina.core.StandardService   : Starting service [Tomcat]
2026-06-05T00:37:04.095-03:00  INFO 24484 --- [server] [main] o.apache.catalina.core.StandardEngine    : Starting Servlet engine: [Apache Tomcat/11.0.20]
2026-06-05T00:37:04.153-03:00  INFO 24484 --- [server] [main] b.w.c.s.WebApplicationContextInitializer : Root WebApplicationContext: initialization completed in 1089 ms
2026-06-05T00:37:04.792-03:00  INFO 24484 --- [server] [main] o.s.boot.tomcat.TomcatWebServer          : Tomcat started on port 8080 (http) with context path '/'
2026-06-05T00:37:04.798-03:00  INFO 24484 --- [server] [main] c.example.iot.server.ServerApplication   : Started ServerApplication in 2.394 seconds (process running for 2.865)
2026-06-05T00:37:09.021-03:00  INFO 24484 --- [server] [http-nio-8080-exec-1] o.a.c.c.C.[Tomcat].[localhost].[/]       : Initializing Spring DispatcherServlet 'dispatcherServlet'
2026-06-05T00:37:09.022-03:00  INFO 24484 --- [server] [http-nio-8080-exec-1] o.s.web.servlet.DispatcherServlet        : Initializing Servlet 'dispatcherServlet'
2026-06-05T00:37:09.023-03:00  INFO 24484 --- [server] [http-nio-8080-exec-1] o.s.web.servlet.DispatcherServlet        : Completed initialization in 1 ms
2026-06-05T00:37:09.450-03:00  INFO 24484 --- [server] [http-nio-8080-exec-2] c.example.iot.server.ServerController    : Dados recebidos: {"patientId": "pat603", "doctorId": "doc116", "pulse": 133, "dateOfBirth": "1921-06-09"}
2026-06-05T00:37:09.506-03:00  WARN 24484 --- [server] [http-nio-8080-exec-2] com.example.iot.server.ServerService     : ALERTA: Taquicardia detectada!
2026-06-05T00:42:52.698-03:00  INFO 29784 --- [server] [main] c.example.iot.server.ServerApplication   : Starting ServerApplication using Java 17.0.11 with PID 29784 (C:\Users\eduma\OneDrive\Área de Trabalho\TCC Especialização\Projeto\server\target\classes started by eduma in C:\Users\eduma\OneDrive\Área de Trabalho\TCC Especialização\Projeto\server)
2026-06-05T00:42:52.706-03:00  INFO 29784 --- [server] [main] c.example.iot.server.ServerApplication   : No active profile set, falling back to 1 default profile: "default"
2026-06-05T00:42:53.884-03:00  INFO 29784 --- [server] [main] o.s.boot.tomcat.TomcatWebServer          : Tomcat initialized with port 8080 (http)
2026-06-05T00:42:53.903-03:00  INFO 29784 --- [server] [main] o.apache.catalina.core.StandardService   : Starting service [Tomcat]
2026-06-05T00:42:53.904-03:00  INFO 29784 --- [server] [main] o.apache.catalina.core.StandardEngine    : Starting Servlet engine: [Apache Tomcat/11.0.20]
2026-06-05T00:42:53.958-03:00  INFO 29784 --- [server] [main] b.w.c.s.WebApplicationContextInitializer : Root WebApplicationContext: initialization completed in 1164 ms
2026-06-05T00:42:54.558-03:00  INFO 29784 --- [server] [main] o.s.boot.tomcat.TomcatWebServer          : Tomcat started on port 8080 (http) with context path '/'
2026-06-05T00:42:54.567-03:00  INFO 29784 --- [server] [main] c.example.iot.server.ServerApplication   : Started ServerApplication in 2.457 seconds (process running for 2.898)
2026-06-05T00:42:59.285-03:00  INFO 29784 --- [server] [http-nio-8080-exec-1] o.a.c.c.C.[Tomcat].[localhost].[/]       : Initializing Spring DispatcherServlet 'dispatcherServlet'
2026-06-05T00:42:59.285-03:00  INFO 29784 --- [server] [http-nio-8080-exec-1] o.s.web.servlet.DispatcherServlet        : Initializing Servlet 'dispatcherServlet'
2026-06-05T00:42:59.287-03:00  INFO 29784 --- [server] [http-nio-8080-exec-1] o.s.web.servlet.DispatcherServlet        : Completed initialization in 1 ms
2026-06-05T00:42:59.525-03:00  INFO 29784 --- [server] [http-nio-8080-exec-2] c.example.iot.server.ServerController    : Dados recebidos: {"patientId": "pat914", "doctorId": "doc408", "pulse": 177, "dateOfBirth": "2018-03-20"}
2026-06-05T00:42:59.593-03:00  WARN 29784 --- [server] [http-nio-8080-exec-2] com.example.iot.server.ServerService     : ALERTA: Taquicardia detectada em CRIANCA_6_12!
2026-06-05T00:48:04.221-03:00  INFO 31500 --- [server] [main] c.example.iot.server.ServerApplication   : Starting ServerApplication using Java 17.0.11 with PID 31500 (C:\Users\eduma\OneDrive\Área de Trabalho\TCC Especialização\Projeto\server\target\classes started by eduma in C:\Users\eduma\OneDrive\Área de Trabalho\TCC Especialização\Projeto\server)
2026-06-05T00:48:04.226-03:00  INFO 31500 --- [server] [main] c.example.iot.server.ServerApplication   : No active profile set, falling back to 1 default profile: "default"
2026-06-05T00:48:05.228-03:00  INFO 31500 --- [server] [main] o.s.boot.tomcat.TomcatWebServer          : Tomcat initialized with port 8080 (http)
2026-06-05T00:48:05.241-03:00  INFO 31500 --- [server] [main] o.apache.catalina.core.StandardService   : Starting service [Tomcat]
2026-06-05T00:48:05.242-03:00  INFO 31500 --- [server] [main] o.apache.catalina.core.StandardEngine    : Starting Servlet engine: [Apache Tomcat/11.0.20]
2026-06-05T00:48:05.295-03:00  INFO 31500 --- [server] [main] b.w.c.s.WebApplicationContextInitializer : Root WebApplicationContext: initialization completed in 996 ms
2026-06-05T00:48:05.955-03:00  INFO 31500 --- [server] [main] o.s.boot.tomcat.TomcatWebServer          : Tomcat started on port 8080 (http) with context path '/'
2026-06-05T00:48:05.962-03:00  INFO 31500 --- [server] [main] c.example.iot.server.ServerApplication   : Started ServerApplication in 2.282 seconds (process running for 2.751)
2026-06-05T00:48:10.645-03:00  INFO 31500 --- [server] [http-nio-8080-exec-1] o.a.c.c.C.[Tomcat].[localhost].[/]       : Initializing Spring DispatcherServlet 'dispatcherServlet'
2026-06-05T00:48:10.646-03:00  INFO 31500 --- [server] [http-nio-8080-exec-1] o.s.web.servlet.DispatcherServlet        : Initializing Servlet 'dispatcherServlet'
2026-06-05T00:48:10.648-03:00  INFO 31500 --- [server] [http-nio-8080-exec-1] o.s.web.servlet.DispatcherServlet        : Completed initialization in 2 ms
2026-06-05T00:48:10.869-03:00  INFO 31500 --- [server] [http-nio-8080-exec-2] c.example.iot.server.ServerController    : Dados recebidos: {"patientId": "pat244", "doctorId": "doc644", "pulse": 107, "dateOfBirth": "1962-09-27"}
2026-06-05T00:48:23.141-03:00  INFO 31500 --- [server] [http-nio-8080-exec-5] c.example.iot.server.ServerController    : Dados recebidos: {"patientId": "pat546", "doctorId": "doc218", "pulse": 84, "dateOfBirth": "2016-10-25"}
2026-06-05T00:48:36.355-03:00  INFO 31500 --- [server] [http-nio-8080-exec-10] c.example.iot.server.ServerController    : Dados recebidos: {"patientId": "pat999", "doctorId": "doc683", "pulse": 142, "dateOfBirth": "1910-05-17"}
2026-06-05T00:48:36.356-03:00  WARN 31500 --- [server] [http-nio-8080-exec-10] com.example.iot.server.ServerService     : ALERTA: Taquicardia detectada em Idoso!
2026-06-05T00:49:32.095-03:00  INFO 31500 --- [server] [http-nio-8080-exec-1] c.example.iot.server.ServerController    : Dados recebidos: {"patientId": "pat940", "doctorId": "doc313", "pulse": 83, "dateOfBirth": "2008-11-12"}
2026-06-05T00:49:36.828-03:00  INFO 31500 --- [server] [http-nio-8080-exec-4] c.example.iot.server.ServerController    : Dados recebidos: {"patientId": "pat733", "doctorId": "doc654", "pulse": 84, "dateOfBirth": "1901-11-14"}
2026-06-05T00:49:39.852-03:00  INFO 31500 --- [server] [http-nio-8080-exec-6] c.example.iot.server.ServerController    : Dados recebidos: {"patientId": "pat737", "doctorId": "doc240", "pulse": 73, "dateOfBirth": "1953-12-20"}
2026-06-05T00:49:44.068-03:00  INFO 31500 --- [server] [http-nio-8080-exec-8] c.example.iot.server.ServerController    : Dados recebidos: {"patientId": "pat605", "doctorId": "doc314", "pulse": 130, "dateOfBirth": "1934-10-28"}
2026-06-05T00:49:44.069-03:00  WARN 31500 --- [server] [http-nio-8080-exec-8] com.example.iot.server.ServerService     : ALERTA: Taquicardia detectada em Idoso!
2026-06-05T00:49:58.109-03:00  INFO 31500 --- [server] [http-nio-8080-exec-3] c.example.iot.server.ServerController    : Dados recebidos: {"patientId": "pat937", "doctorId": "doc188", "pulse": 173, "dateOfBirth": "1948-02-05"}
2026-06-05T00:49:58.109-03:00  WARN 31500 --- [server] [http-nio-8080-exec-3] com.example.iot.server.ServerService     : ALERTA: Taquicardia detectada em Idoso!
2026-06-05T00:50:04.844-03:00  INFO 31500 --- [server] [http-nio-8080-exec-9] c.example.iot.server.ServerController    : Dados recebidos: {"patientId": "pat310", "doctorId": "doc649", "pulse": 78, "dateOfBirth": "1904-10-18"}
2026-06-05T00:50:09.123-03:00  INFO 31500 --- [server] [http-nio-8080-exec-7] c.example.iot.server.ServerController    : Dados recebidos: {"patientId": "pat343", "doctorId": "doc947", "pulse": 62, "dateOfBirth": "2000-12-25"}
2026-06-05T00:50:42.546-03:00  INFO 31500 --- [server] [http-nio-8080-exec-2] c.example.iot.server.ServerController    : Dados recebidos: {"patientId": "pat929", "doctorId": "doc229", "pulse": 200, "dateOfBirth": "2026-06-01"}
2026-06-05T00:50:42.547-03:00  WARN 31500 --- [server] [http-nio-8080-exec-2] com.example.iot.server.ServerService     : ALERTA: Taquicardia detectada em Recém-nascido!
2026-06-05T00:51:02.690-03:00  INFO 31500 --- [server] [http-nio-8080-exec-5] c.example.iot.server.ServerController    : Dados recebidos: {"patientId": "pat590", "doctorId": "doc981", "pulse": 10, "dateOfBirth": "2026-05-01"}
2026-06-05T00:51:02.691-03:00  WARN 31500 --- [server] [http-nio-8080-exec-5] com.example.iot.server.ServerService     : ALERTA: Bradicardia detectada em Bebê!
2026-06-05T00:51:18.403-03:00  INFO 31500 --- [server] [http-nio-8080-exec-10] c.example.iot.server.ServerController    : Dados recebidos: {"patientId": "pat202", "doctorId": "doc814", "pulse": 180, "dateOfBirth": "2026-05-01"}
2026-06-05T00:53:52.267-03:00  INFO 30660 --- [server] [main] c.example.iot.server.ServerApplication   : Starting ServerApplication using Java 17.0.11 with PID 30660 (C:\Users\eduma\OneDrive\Área de Trabalho\TCC Especialização\Projeto\server\target\classes started by eduma in C:\Users\eduma\OneDrive\Área de Trabalho\TCC Especialização\Projeto\server)
2026-06-05T00:53:52.282-03:00  INFO 30660 --- [server] [main] c.example.iot.server.ServerApplication   : No active profile set, falling back to 1 default profile: "default"
2026-06-05T00:53:53.384-03:00  INFO 30660 --- [server] [main] o.s.boot.tomcat.TomcatWebServer          : Tomcat initialized with port 8080 (http)
2026-06-05T00:53:53.399-03:00  INFO 30660 --- [server] [main] o.apache.catalina.core.StandardService   : Starting service [Tomcat]
2026-06-05T00:53:53.400-03:00  INFO 30660 --- [server] [main] o.apache.catalina.core.StandardEngine    : Starting Servlet engine: [Apache Tomcat/11.0.20]
2026-06-05T00:53:53.456-03:00  INFO 30660 --- [server] [main] b.w.c.s.WebApplicationContextInitializer : Root WebApplicationContext: initialization completed in 1084 ms
2026-06-05T00:53:54.070-03:00  INFO 30660 --- [server] [main] o.s.boot.tomcat.TomcatWebServer          : Tomcat started on port 8080 (http) with context path '/'
2026-06-05T00:53:54.078-03:00  INFO 30660 --- [server] [main] c.example.iot.server.ServerApplication   : Started ServerApplication in 2.425 seconds (process running for 2.9)
2026-06-05T00:54:26.902-03:00  INFO 30660 --- [server] [http-nio-8080-exec-2] o.a.c.c.C.[Tomcat].[localhost].[/]       : Initializing Spring DispatcherServlet 'dispatcherServlet'
2026-06-05T00:54:26.903-03:00  INFO 30660 --- [server] [http-nio-8080-exec-2] o.s.web.servlet.DispatcherServlet        : Initializing Servlet 'dispatcherServlet'
2026-06-05T00:54:26.905-03:00  INFO 30660 --- [server] [http-nio-8080-exec-2] o.s.web.servlet.DispatcherServlet        : Completed initialization in 2 ms
2026-06-05T00:54:27.369-03:00 ERROR 30660 --- [server] [http-nio-8080-exec-6] c.example.iot.server.ServerController    : Integridade de dados comprometida
2026-06-05T00:56:40.994-03:00 ERROR 30660 --- [server] [http-nio-8080-exec-5] c.example.iot.server.ServerController    : Integridade de dados comprometida
2026-06-05T00:56:58.298-03:00  INFO 19432 --- [server] [main] c.example.iot.server.ServerApplication   : Starting ServerApplication using Java 17.0.11 with PID 19432 (C:\Users\eduma\OneDrive\Área de Trabalho\TCC Especialização\Projeto\server\target\classes started by eduma in C:\Users\eduma\OneDrive\Área de Trabalho\TCC Especialização\Projeto\server)
2026-06-05T00:56:58.305-03:00  INFO 19432 --- [server] [main] c.example.iot.server.ServerApplication   : No active profile set, falling back to 1 default profile: "default"
2026-06-05T00:56:59.394-03:00  INFO 19432 --- [server] [main] o.s.boot.tomcat.TomcatWebServer          : Tomcat initialized with port 8080 (http)
2026-06-05T00:56:59.416-03:00  INFO 19432 --- [server] [main] o.apache.catalina.core.StandardService   : Starting service [Tomcat]
2026-06-05T00:56:59.416-03:00  INFO 19432 --- [server] [main] o.apache.catalina.core.StandardEngine    : Starting Servlet engine: [Apache Tomcat/11.0.20]
2026-06-05T00:56:59.462-03:00  INFO 19432 --- [server] [main] b.w.c.s.WebApplicationContextInitializer : Root WebApplicationContext: initialization completed in 1073 ms
2026-06-05T00:57:00.182-03:00  INFO 19432 --- [server] [main] o.s.boot.tomcat.TomcatWebServer          : Tomcat started on port 8080 (http) with context path '/'
2026-06-05T00:57:00.188-03:00  INFO 19432 --- [server] [main] c.example.iot.server.ServerApplication   : Started ServerApplication in 2.533 seconds (process running for 2.978)
2026-06-05T00:57:03.722-03:00  INFO 19432 --- [server] [http-nio-8080-exec-1] o.a.c.c.C.[Tomcat].[localhost].[/]       : Initializing Spring DispatcherServlet 'dispatcherServlet'
2026-06-05T00:57:03.723-03:00  INFO 19432 --- [server] [http-nio-8080-exec-1] o.s.web.servlet.DispatcherServlet        : Initializing Servlet 'dispatcherServlet'
2026-06-05T00:57:03.725-03:00  INFO 19432 --- [server] [http-nio-8080-exec-1] o.s.web.servlet.DispatcherServlet        : Completed initialization in 1 ms
2026-06-05T00:57:03.933-03:00 ERROR 19432 --- [server] [http-nio-8080-exec-2] c.example.iot.server.ServerController    : Atenção: Integridade de dados comprometida!
2026-06-05T00:57:38.513-03:00  INFO 17356 --- [server] [main] c.example.iot.server.ServerApplication   : Starting ServerApplication using Java 17.0.11 with PID 17356 (C:\Users\eduma\OneDrive\Área de Trabalho\TCC Especialização\Projeto\server\target\classes started by eduma in C:\Users\eduma\OneDrive\Área de Trabalho\TCC Especialização\Projeto\server)
2026-06-05T00:57:38.519-03:00  INFO 17356 --- [server] [main] c.example.iot.server.ServerApplication   : No active profile set, falling back to 1 default profile: "default"
2026-06-05T00:57:39.700-03:00  INFO 17356 --- [server] [main] o.s.boot.tomcat.TomcatWebServer          : Tomcat initialized with port 8080 (http)
2026-06-05T00:57:39.725-03:00  INFO 17356 --- [server] [main] o.apache.catalina.core.StandardService   : Starting service [Tomcat]
2026-06-05T00:57:39.725-03:00  INFO 17356 --- [server] [main] o.apache.catalina.core.StandardEngine    : Starting Servlet engine: [Apache Tomcat/11.0.20]
2026-06-05T00:57:39.816-03:00  INFO 17356 --- [server] [main] b.w.c.s.WebApplicationContextInitializer : Root WebApplicationContext: initialization completed in 1213 ms
2026-06-05T00:57:40.684-03:00  INFO 17356 --- [server] [main] o.s.boot.tomcat.TomcatWebServer          : Tomcat started on port 8080 (http) with context path '/'
2026-06-05T00:57:40.692-03:00  INFO 17356 --- [server] [main] c.example.iot.server.ServerApplication   : Started ServerApplication in 2.849 seconds (process running for 3.364)
2026-06-05T00:57:46.627-03:00  INFO 17356 --- [server] [http-nio-8080-exec-1] o.a.c.c.C.[Tomcat].[localhost].[/]       : Initializing Spring DispatcherServlet 'dispatcherServlet'
2026-06-05T00:57:46.628-03:00  INFO 17356 --- [server] [http-nio-8080-exec-1] o.s.web.servlet.DispatcherServlet        : Initializing Servlet 'dispatcherServlet'
2026-06-05T00:57:46.632-03:00  INFO 17356 --- [server] [http-nio-8080-exec-1] o.s.web.servlet.DispatcherServlet        : Completed initialization in 2 ms
2026-06-05T00:57:47.130-03:00 ERROR 17356 --- [server] [http-nio-8080-exec-2] c.example.iot.server.ServerController    : Atenção! Integridade de dados comprometida!
2026-06-05T01:15:55.302-03:00  INFO 5988 --- [server] [main] c.example.iot.server.ServerApplication   : Starting ServerApplication using Java 17.0.11 with PID 5988 (C:\Users\eduma\OneDrive\Área de Trabalho\TCC Especialização\Projeto\server\target\classes started by eduma in C:\Users\eduma\OneDrive\Área de Trabalho\TCC Especialização\Projeto\server)
2026-06-05T01:15:55.308-03:00  INFO 5988 --- [server] [main] c.example.iot.server.ServerApplication   : No active profile set, falling back to 1 default profile: "default"
2026-06-05T01:15:56.510-03:00  INFO 5988 --- [server] [main] o.s.boot.tomcat.TomcatWebServer          : Tomcat initialized with port 8080 (http)
2026-06-05T01:15:56.535-03:00  INFO 5988 --- [server] [main] o.apache.catalina.core.StandardService   : Starting service [Tomcat]
2026-06-05T01:15:56.536-03:00  INFO 5988 --- [server] [main] o.apache.catalina.core.StandardEngine    : Starting Servlet engine: [Apache Tomcat/11.0.20]
2026-06-05T01:15:56.597-03:00  INFO 5988 --- [server] [main] b.w.c.s.WebApplicationContextInitializer : Root WebApplicationContext: initialization completed in 1221 ms
2026-06-05T01:15:57.225-03:00  INFO 5988 --- [server] [main] o.s.boot.tomcat.TomcatWebServer          : Tomcat started on port 8080 (http) with context path '/'
2026-06-05T01:15:57.234-03:00  INFO 5988 --- [server] [main] c.example.iot.server.ServerApplication   : Started ServerApplication in 2.522 seconds (process running for 2.933)
2026-06-05T01:16:01.491-03:00  INFO 5988 --- [server] [http-nio-8080-exec-1] o.a.c.c.C.[Tomcat].[localhost].[/]       : Initializing Spring DispatcherServlet 'dispatcherServlet'
2026-06-05T01:16:01.491-03:00  INFO 5988 --- [server] [http-nio-8080-exec-1] o.s.web.servlet.DispatcherServlet        : Initializing Servlet 'dispatcherServlet'
2026-06-05T01:16:01.493-03:00  INFO 5988 --- [server] [http-nio-8080-exec-1] o.s.web.servlet.DispatcherServlet        : Completed initialization in 1 ms
2026-06-05T01:16:01.690-03:00 ERROR 5988 --- [server] [http-nio-8080-exec-2] c.example.iot.server.ServerController    : Atenção! Integridade de dados comprometida!
